inserted generation
inserted national
inserted regional
inserted neso
inserted imbalance from date 2026-07-09
inserted imbalance from date 2026-07-10
inserted market-index between datetimes 2026-07-09 22:00:02.473346+00:00 and 2026-07-10 00:00:02.473346+00:00
inserted generation
inserted national
inserted regional
inserted neso
inserted imbalance from date 2026-07-09
inserted imbalance from date 2026-07-10
inserted market-index between datetimes 2026-07-09 22:30:02.198688+00:00 and 2026-07-10 00:30:02.198688+00:00
inserted generation
inserted national
inserted regional
inserted neso
inserted imbalance from date 2026-07-09
inserted imbalance from date 2026-07-10
inserted market-index between datetimes 2026-07-09 23:00:01.449095+00:00 and 2026-07-10 01:00:01.449095+00:00
inserted generation
inserted national
inserted regional
inserted neso
inserted imbalance from date 2026-07-09
inserted imbalance from date 2026-07-10
inserted market-index between datetimes 2026-07-09 23:30:01.369320+00:00 and 2026-07-10 01:30:01.369320+00:00
inserted generation
inserted national
inserted regional
inserted neso
inserted imbalance from date 2026-07-09
inserted imbalance from date 2026-07-10
inserted market-index between datetimes 2026-07-10 00:00:01.487436+00:00 and 2026-07-10 02:00:01.487436+00:00
inserted generation
inserted national
inserted regional
inserted neso
inserted imbalance from date 2026-07-09
inserted imbalance from date 2026-07-10
inserted market-index between datetimes 2026-07-10 00:30:01.423899+00:00 and 2026-07-10 02:30:01.423899+00:00
inserted generation
inserted national
inserted regional
inserted neso
inserted imbalance from date 2026-07-09
inserted imbalance from date 2026-07-10
inserted market-index between datetimes 2026-07-10 01:00:01.515308+00:00 and 2026-07-10 03:00:01.515308+00:00
inserted generation
inserted national
inserted regional
inserted neso
inserted imbalance from date 2026-07-09
inserted imbalance from date 2026-07-10
inserted market-index between datetimes 2026-07-10 01:30:01.494050+00:00 and 2026-07-10 03:30:01.494050+00:00
inserted generation
inserted national
inserted regional
inserted neso
inserted imbalance from date 2026-07-09
inserted imbalance from date 2026-07-10
inserted market-index between datetimes 2026-07-10 02:00:01.538471+00:00 and 2026-07-10 04:00:01.538471+00:00
inserted generation
inserted national
inserted regional
inserted neso
inserted imbalance from date 2026-07-09
inserted imbalance from date 2026-07-10
inserted market-index between datetimes 2026-07-10 02:30:01.400559+00:00 and 2026-07-10 04:30:01.400559+00:00
inserted generation
inserted national
inserted regional
inserted neso
inserted imbalance from date 2026-07-09
inserted imbalance from date 2026-07-10
inserted market-index between datetimes 2026-07-10 03:00:01.345642+00:00 and 2026-07-10 05:00:01.345642+00:00
inserted generation
inserted national
inserted regional
inserted neso
inserted imbalance from date 2026-07-09
inserted imbalance from date 2026-07-10
inserted market-index between datetimes 2026-07-10 03:30:01.289378+00:00 and 2026-07-10 05:30:01.289378+00:00
